  991  hadoop fs -copyFromLocal positive.txt /sen50
  992  hadoop fs -mkdir /ana
  993  hadoop jar sentiment.jar TaskSentiment /sen50 /ana/result50
  994  history
[edureka@localhost Desktop]$ gedit
[edureka@localhost Desktop]$ gedit ak
            

        
^C
[edureka@localhost Desktop]$ 
[edureka@localhost Desktop]$ hadoop jar sentiment.jar TaskSentiment /sen50 /ana/result50
22/08/17 03:42:07 WARN util.NativeCodeLoader: Unable to load native-hadoop library for your platform... using builtin-java classes where applicable
22/08/17 03:42:08 INFO client.RMProxy: Connecting to ResourceManager at /0.0.0.0:8032
22/08/17 03:42:08 ERROR security.UserGroupInformation: PriviledgedActionException as:edureka (auth:SIMPLE) cause:org.apache.hadoop.mapred.FileAlreadyExistsException: Output directory hdfs://localhost:8020/ana/result50 already exists
Exception in thread "main" org.apache.hadoop.mapred.FileAlreadyExistsException: Output directory hdfs://localhost:8020/ana/result50 already exists
	at org.apache.hadoop.mapreduce.lib.output.FileOutputFormat.checkOutputSpecs(FileOutputFormat.java:146)
	at org.apache.hadoop.mapreduce.JobSubmitter.checkSpecs(JobSubmitter.java:456)
	at org.apache.hadoop.mapreduce.JobSubmitter.submitJobInternal(JobSubmitter.java:342)
	at org.apache.hadoop.mapreduce.Job$10.run(Job.java:1268)
	at org.apache.hadoop.mapreduce.Job$10.run(Job.java:1265)
	at java.security.AccessController.doPrivileged(Native Method)
	at javax.security.auth.Subject.doAs(Subject.java:415)
	at org.apache.hadoop.security.UserGroupInformation.doAs(UserGroupInformation.java:1491)
	at org.apache.hadoop.mapreduce.Job.submit(Job.java:1265)
	at org.apache.hadoop.mapreduce.Job.waitForCompletion(Job.java:1286)
	at TaskSentiment.main(TaskSentiment.java:179)
	at sun.reflect.NativeMethodAccessorImpl.invoke0(Native Method)
	at sun.reflect.NativeMethodAccessorImpl.invoke(NativeMethodAccessorImpl.java:57)
	at sun.reflect.DelegatingMethodAccessorImpl.invoke(DelegatingMethodAccessorImpl.java:43)
	at java.lang.reflect.Method.invoke(Method.java:606)
	at org.apache.hadoop.util.RunJar.main(RunJar.java:212)
[edureka@localhost Desktop]$ hadoop fs -copyFromLocal positive.txt /sen52
22/08/17 03:42:19 WARN util.NativeCodeLoader: Unable to load native-hadoop library for your platform... using builtin-java classes where applicable
[edureka@localhost Desktop]$ hadoop fs -mkdir /anaa
22/08/17 03:42:34 WARN util.NativeCodeLoader: Unable to load native-hadoop library for your platform... using builtin-java classes where applicable
[edureka@localhost Desktop]$ hadoop jar sentiment.jar TaskSentiment /sen50 /anaa/result54
22/08/17 03:42:52 WARN util.NativeCodeLoader: Unable to load native-hadoop library for your platform... using builtin-java classes where applicable
22/08/17 03:42:52 INFO client.RMProxy: Connecting to ResourceManager at /0.0.0.0:8032
22/08/17 03:42:52 WARN mapreduce.JobSubmitter: Hadoop command-line option parsing not performed. Implement the Tool interface and execute your application with ToolRunner to remedy this.
22/08/17 03:42:52 INFO input.FileInputFormat: Total input paths to process : 1
22/08/17 03:42:52 INFO mapreduce.JobSubmitter: number of splits:1
22/08/17 03:42:52 INFO Configuration.deprecation: user.name is deprecated. Instead, use mapreduce.job.user.name
22/08/17 03:42:52 INFO Configuration.deprecation: mapred.jar is deprecated. Instead, use mapreduce.job.jar
22/08/17 03:42:52 INFO Configuration.deprecation: mapred.output.value.class is deprecated. Instead, use mapreduce.job.output.value.class
22/08/17 03:42:52 INFO Configuration.deprecation: mapreduce.map.class is deprecated. Instead, use mapreduce.job.map.class
22/08/17 03:42:52 INFO Configuration.deprecation: mapred.job.name is deprecated. Instead, use mapreduce.job.name
22/08/17 03:42:52 INFO Configuration.deprecation: mapreduce.reduce.class is deprecated. Instead, use mapreduce.job.reduce.class
22/08/17 03:42:52 INFO Configuration.deprecation: mapred.input.dir is deprecated. Instead, use mapreduce.input.fileinputformat.inputdir
22/08/17 03:42:52 INFO Configuration.deprecation: mapred.output.dir is deprecated. Instead, use mapreduce.output.fileoutputformat.outputdir
22/08/17 03:42:52 INFO Configuration.deprecation: mapred.map.tasks is deprecated. Instead, use mapreduce.job.maps
22/08/17 03:42:52 INFO Configuration.deprecation: mapred.output.key.class is deprecated. Instead, use mapreduce.job.output.key.class
22/08/17 03:42:52 INFO Configuration.deprecation: mapred.working.dir is deprecated. Instead, use mapreduce.job.working.dir
22/08/17 03:42:52 INFO mapreduce.JobSubmitter: Submitting tokens for job: job_1660626437858_0023
22/08/17 03:42:53 INFO impl.YarnClientImpl: Submitted application application_1660626437858_0023 to ResourceManager at /0.0.0.0:8032
22/08/17 03:42:53 INFO mapreduce.Job: The url to track the job: http://localhost:8088/proxy/application_1660626437858_0023/
22/08/17 03:42:53 INFO mapreduce.Job: Running job: job_1660626437858_0023
22/08/17 03:42:57 INFO mapreduce.Job: Job job_1660626437858_0023 running in uber mode : false
22/08/17 03:42:57 INFO mapreduce.Job:  map 0% reduce 0%
22/08/17 03:43:01 INFO mapreduce.Job:  map 100% reduce 0%
22/08/17 03:43:03 INFO mapreduce.Job: Task Id : attempt_1660626437858_0023_r_000000_0, Status : FAILED
Error: java.io.FileNotFoundException: /home/hxn/hadoopMR/positive.txt (No such file or directory)
	at java.io.FileInputStream.open(Native Method)
	at java.io.FileInputStream.<init>(FileInputStream.java:146)
	at java.util.Scanner.<init>(Scanner.java:656)
	at TaskSentiment$IntSumReducer.reduce(TaskSentiment.java:100)
	at TaskSentiment$IntSumReducer.reduce(TaskSentiment.java:1)
	at org.apache.hadoop.mapreduce.Reducer.run(Reducer.java:171)
	at org.apache.hadoop.mapred.ReduceTask.runNewReducer(ReduceTask.java:645)
	at org.apache.hadoop.mapred.ReduceTask.run(ReduceTask.java:405)
	at org.apache.hadoop.mapred.YarnChild$2.run(YarnChild.java:162)
	at java.security.AccessController.doPrivileged(Native Method)
	at javax.security.auth.Subject.doAs(Subject.java:415)
	at org.apache.hadoop.security.UserGroupInformation.doAs(UserGroupInformation.java:1491)
	at org.apache.hadoop.mapred.YarnChild.main(YarnChild.java:157)

22/08/17 03:43:07 INFO mapreduce.Job: Task Id : attempt_1660626437858_0023_r_000000_1, Status : FAILED
Error: java.io.FileNotFoundException: /home/hxn/hadoopMR/positive.txt (No such file or directory)
	at java.io.FileInputStream.open(Native Method)
	at java.io.FileInputStream.<init>(FileInputStream.java:146)
	at java.util.Scanner.<init>(Scanner.java:656)
	at TaskSentiment$IntSumReducer.reduce(TaskSentiment.java:100)
	at TaskSentiment$IntSumReducer.reduce(TaskSentiment.java:1)
	at org.apache.hadoop.mapreduce.Reducer.run(Reducer.java:171)
	at org.apache.hadoop.mapred.ReduceTask.runNewReducer(ReduceTask.java:645)
	at org.apache.hadoop.mapred.ReduceTask.run(ReduceTask.java:405)
	at org.apache.hadoop.mapred.YarnChild$2.run(YarnChild.java:162)
	at java.security.AccessController.doPrivileged(Native Method)
	at javax.security.auth.Subject.doAs(Subject.java:415)
	at org.apache.hadoop.security.UserGroupInformation.doAs(UserGroupInformation.java:1491)
	at org.apache.hadoop.mapred.YarnChild.main(YarnChild.java:157)

22/08/17 03:43:11 INFO mapreduce.Job: Task Id : attempt_1660626437858_0023_r_000000_2, Status : FAILED
Error: java.io.FileNotFoundException: /home/hxn/hadoopMR/positive.txt (No such file or directory)
	at java.io.FileInputStream.open(Native Method)
	at java.io.FileInputStream.<init>(FileInputStream.java:146)
	at java.util.Scanner.<init>(Scanner.java:656)
	at TaskSentiment$IntSumReducer.reduce(TaskSentiment.java:100)
	at TaskSentiment$IntSumReducer.reduce(TaskSentiment.java:1)
	at org.apache.hadoop.mapreduce.Reducer.run(Reducer.java:171)
	at org.apache.hadoop.mapred.ReduceTask.runNewReducer(ReduceTask.java:645)
	at org.apache.hadoop.mapred.ReduceTask.run(ReduceTask.java:405)
	at org.apache.hadoop.mapred.YarnChild$2.run(YarnChild.java:162)
	at java.security.AccessController.doPrivileged(Native Method)
	at javax.security.auth.Subject.doAs(Subject.java:415)
	at org.apache.hadoop.security.UserGroupInformation.doAs(UserGroupInformation.java:1491)
	at org.apache.hadoop.mapred.YarnChild.main(YarnChild.java:157)

22/08/17 03:43:16 INFO mapreduce.Job:  map 100% reduce 100%
22/08/17 03:43:16 INFO mapreduce.Job: Job job_1660626437858_0023 failed with state FAILED due to: Task failed task_1660626437858_0023_r_000000
Job failed as tasks failed. failedMaps:0 failedReduces:1

22/08/17 03:43:16 INFO mapreduce.Job: Counters: 31
	File System Counters
		FILE: Number of bytes read=0
		FILE: Number of bytes written=93339
		FILE: Number of read operations=0
		FILE: Number of large read operations=0
		FILE: Number of write operations=0
		HDFS: Number of bytes read=21636
		HDFS: Number of bytes written=0
		HDFS: Number of read operations=3
		HDFS: Number of large read operations=0
		HDFS: Number of write operations=0
	Job Counters 
		Failed reduce tasks=4
		Launched map tasks=1
		Launched reduce tasks=4
		Data-local map tasks=1
		Total time spent by all maps in occupied slots (ms)=1659
		Total time spent by all reduces in occupied slots (ms)=5883
	Map-Reduce Framework
		Map input records=2021
		Map output records=2021
		Map output bytes=10105
		Map output materialized bytes=14153
		Input split bytes=92
		Combine input records=0
		Spilled Records=2021
		Failed Shuffles=0
		Merged Map outputs=0
		GC time elapsed (ms)=15
		CPU time spent (ms)=360
		Physical memory (bytes) snapshot=220188672
		Virtual memory (bytes) snapshot=404664320
		Total committed heap usage (bytes)=207093760
	File Input Format Counters 
		Bytes Read=21544

